{
  "version": "1.5.0",
  "plugins_used": [
    {
      "name": "ArtifactoryDetector"
    },
    {
      "name": "AWSKeyDetector"
    },
    {
      "name": "AzureStorageKeyDetector"
    },
    {
      "name": "Base64HighEntropyString",
      "limit": 4.5
    },
    {
      "name": "BasicAuthDetector"
    },
    {
      "name": "CloudantDetector"
    },
    {
      "name": "DiscordBotTokenDetector"
    },
    {
      "name": "GitHubTokenDetector"
    },
    {
      "name": "GitLabTokenDetector"
    },
    {
      "name": "HexHighEntropyString",
      "limit": 3.0
    },
    {
      "name": "IbmCloudIamDetector"
    },
    {
      "name": "IbmCosHmacDetector"
    },
    {
      "name": "IPPublicDetector"
    },
    {
      "name": "JwtTokenDetector"
    },
    {
      "name": "KeywordDetector",
      "keyword_exclude": ""
    },
    {
      "name": "MailchimpDetector"
    },
    {
      "name": "NpmDetector"
    },
    {
      "name": "OpenAIDetector"
    },
    {
      "name": "PrivateKeyDetector"
    },
    {
      "name": "PypiTokenDetector"
    },
    {
      "name": "SendGridDetector"
    },
    {
      "name": "SlackDetector"
    },
    {
      "name": "SoftlayerDetector"
    },
    {
      "name": "SquareOAuthDetector"
    },
    {
      "name": "StripeDetector"
    },
    {
      "name": "TelegramBotTokenDetector"
    },
    {
      "name": "TwilioKeyDetector"
    }
  ],
  "filters_used": [
    {
      "path": "detect_secrets.filters.allowlist.is_line_allowlisted"
    },
    {
      "path": "detect_secrets.filters.common.is_ignored_due_to_verification_policies",
      "min_level": 2
    },
    {
      "path": "detect_secrets.filters.heuristic.is_indirect_reference"
    },
    {
      "path": "detect_secrets.filters.heuristic.is_likely_id_string"
    },
    {
      "path": "detect_secrets.filters.heuristic.is_lock_file"
    },
    {
      "path": "detect_secrets.filters.heuristic.is_not_alphanumeric_string"
    },
    {
      "path": "detect_secrets.filters.heuristic.is_potential_uuid"
    },
    {
      "path": "detect_secrets.filters.heuristic.is_prefixed_with_dollar_sign"
    },
    {
      "path": "detect_secrets.filters.heuristic.is_sequential_string"
    },
    {
      "path": "detect_secrets.filters.heuristic.is_swagger_file"
    },
    {
      "path": "detect_secrets.filters.heuristic.is_templated_secret"
    }
  ],
  "results": {
    ".github/workflows/performance.yml": [
      {
        "type": "Secret Keyword",
        "filename": ".github/workflows/performance.yml",
        "hashed_secret": "3d19a1a52c5aa2f29c203d3286e2e45b3405e2ae",
        "is_verified": false,
        "line_number": 32
      },
      {
        "type": "Secret Keyword",
        "filename": ".github/workflows/performance.yml",
        "hashed_secret": "7ef44c792526fc27c94e038a22113ffa5e0d5160",
        "is_verified": false,
        "line_number": 188
      }
    ],
    "config/.env.example": [
      {
        "type": "Secret Keyword",
        "filename": "config/.env.example",
        "hashed_secret": "f53a898f20e92b19f086f4d4053d81b145e754c2",
        "is_verified": false,
        "line_number": 11
      },
      {
        "type": "Secret Keyword",
        "filename": "config/.env.example",
        "hashed_secret": "26adb00e3d2ce26c9d600cf5c2a8e02304380ad2",
        "is_verified": false,
        "line_number": 15
      },
      {
        "type": "Secret Keyword",
        "filename": "config/.env.example",
        "hashed_secret": "1e4407821a8de22ec2966c4895d3143e7fb32d64",
        "is_verified": false,
        "line_number": 19
      },
      {
        "type": "Secret Keyword",
        "filename": "config/.env.example",
        "hashed_secret": "444bd54cafb9407862b768a22db4cc279621f52e",
        "is_verified": false,
        "line_number": 23
      },
      {
        "type": "Secret Keyword",
        "filename": "config/.env.example",
        "hashed_secret": "d033e22ae348aeb5660fc2140aec35850c4da997",
        "is_verified": false,
        "line_number": 59
      },
      {
        "type": "Basic Auth Credentials",
        "filename": "config/.env.example",
        "hashed_secret": "5baa61e4c9b93f3f0682250b6cf8331b7ee68fd8",
        "is_verified": false,
        "line_number": 73
      },
      {
        "type": "Secret Keyword",
        "filename": "config/.env.example",
        "hashed_secret": "753678aa70672b4cb0e544522f27de09433fa211",
        "is_verified": false,
        "line_number": 80
      }
    ],
    "config/config.example.yml": [
      {
        "type": "Secret Keyword",
        "filename": "config/config.example.yml",
        "hashed_secret": "4635a3c182398ef9d3c05781667433ea0e14eedf",
        "is_verified": false,
        "line_number": 196
      },
      {
        "type": "Secret Keyword",
        "filename": "config/config.example.yml",
        "hashed_secret": "ea0c04513c32717f3a09ff7b1fa882c4d8424b2a",
        "is_verified": false,
        "line_number": 218
      },
      {
        "type": "Secret Keyword",
        "filename": "config/config.example.yml",
        "hashed_secret": "e2e80004ae2e69dc210114230a73d5806496970e",
        "is_verified": false,
        "line_number": 415
      },
      {
        "type": "Secret Keyword",
        "filename": "config/config.example.yml",
        "hashed_secret": "6f1a9514fa446b3104f20dfe4f52ef03d86bbfc0",
        "is_verified": false,
        "line_number": 418
      },
      {
        "type": "Secret Keyword",
        "filename": "config/config.example.yml",
        "hashed_secret": "972bd22bea4d6601d765eae906fad1c64fb08ecf",
        "is_verified": false,
        "line_number": 421
      },
      {
        "type": "Secret Keyword",
        "filename": "config/config.example.yml",
        "hashed_secret": "1c5568940951629b0f68a21ba7c28c143eca4857",
        "is_verified": false,
        "line_number": 427
      },
      {
        "type": "Secret Keyword",
        "filename": "config/config.example.yml",
        "hashed_secret": "810279c5d04d5a61283f654745ff22d487a268ab",
        "is_verified": false,
        "line_number": 479
      },
      {
        "type": "Secret Keyword",
        "filename": "config/config.example.yml",
        "hashed_secret": "2daebdcba75e1e1c39391bdfbabacc56d74e0f01",
        "is_verified": false,
        "line_number": 480
      },
      {
        "type": "Secret Keyword",
        "filename": "config/config.example.yml",
        "hashed_secret": "066ed58df22a2d43cc40d726c7165793907861a3",
        "is_verified": false,
        "line_number": 492
      }
    ],
    "config/config.yml": [
      {
        "type": "Secret Keyword",
        "filename": "config/config.yml",
        "hashed_secret": "4635a3c182398ef9d3c05781667433ea0e14eedf",
        "is_verified": false,
        "line_number": 234
      },
      {
        "type": "Secret Keyword",
        "filename": "config/config.yml",
        "hashed_secret": "ea0c04513c32717f3a09ff7b1fa882c4d8424b2a",
        "is_verified": false,
        "line_number": 256
      },
      {
        "type": "Secret Keyword",
        "filename": "config/config.yml",
        "hashed_secret": "e2e80004ae2e69dc210114230a73d5806496970e",
        "is_verified": false,
        "line_number": 453
      },
      {
        "type": "Secret Keyword",
        "filename": "config/config.yml",
        "hashed_secret": "6f1a9514fa446b3104f20dfe4f52ef03d86bbfc0",
        "is_verified": false,
        "line_number": 456
      },
      {
        "type": "Secret Keyword",
        "filename": "config/config.yml",
        "hashed_secret": "972bd22bea4d6601d765eae906fad1c64fb08ecf",
        "is_verified": false,
        "line_number": 459
      },
      {
        "type": "Secret Keyword",
        "filename": "config/config.yml",
        "hashed_secret": "1c5568940951629b0f68a21ba7c28c143eca4857",
        "is_verified": false,
        "line_number": 465
      },
      {
        "type": "Secret Keyword",
        "filename": "config/config.yml",
        "hashed_secret": "810279c5d04d5a61283f654745ff22d487a268ab",
        "is_verified": false,
        "line_number": 517
      },
      {
        "type": "Secret Keyword",
        "filename": "config/config.yml",
        "hashed_secret": "2daebdcba75e1e1c39391bdfbabacc56d74e0f01",
        "is_verified": false,
        "line_number": 518
      },
      {
        "type": "Secret Keyword",
        "filename": "config/config.yml",
        "hashed_secret": "066ed58df22a2d43cc40d726c7165793907861a3",
        "is_verified": false,
        "line_number": 530
      }
    ],
    "config/production.yml": [
      {
        "type": "Secret Keyword",
        "filename": "config/production.yml",
        "hashed_secret": "4635a3c182398ef9d3c05781667433ea0e14eedf",
        "is_verified": false,
        "line_number": 197
      },
      {
        "type": "Secret Keyword",
        "filename": "config/production.yml",
        "hashed_secret": "ea0c04513c32717f3a09ff7b1fa882c4d8424b2a",
        "is_verified": false,
        "line_number": 219
      },
      {
        "type": "Secret Keyword",
        "filename": "config/production.yml",
        "hashed_secret": "e2e80004ae2e69dc210114230a73d5806496970e",
        "is_verified": false,
        "line_number": 416
      },
      {
        "type": "Secret Keyword",
        "filename": "config/production.yml",
        "hashed_secret": "6f1a9514fa446b3104f20dfe4f52ef03d86bbfc0",
        "is_verified": false,
        "line_number": 419
      },
      {
        "type": "Secret Keyword",
        "filename": "config/production.yml",
        "hashed_secret": "972bd22bea4d6601d765eae906fad1c64fb08ecf",
        "is_verified": false,
        "line_number": 422
      },
      {
        "type": "Secret Keyword",
        "filename": "config/production.yml",
        "hashed_secret": "1c5568940951629b0f68a21ba7c28c143eca4857",
        "is_verified": false,
        "line_number": 428
      },
      {
        "type": "Secret Keyword",
        "filename": "config/production.yml",
        "hashed_secret": "810279c5d04d5a61283f654745ff22d487a268ab",
        "is_verified": false,
        "line_number": 480
      },
      {
        "type": "Secret Keyword",
        "filename": "config/production.yml",
        "hashed_secret": "2daebdcba75e1e1c39391bdfbabacc56d74e0f01",
        "is_verified": false,
        "line_number": 481
      },
      {
        "type": "Secret Keyword",
        "filename": "config/production.yml",
        "hashed_secret": "066ed58df22a2d43cc40d726c7165793907861a3",
        "is_verified": false,
        "line_number": 493
      }
    ],
    "docs/getting-started/installation.md": [
      {
        "type": "Secret Keyword",
        "filename": "docs/getting-started/installation.md",
        "hashed_secret": "ec3810e10fb78db55ce38b9c18d1c3eb1db739e0",
        "is_verified": false,
        "line_number": 86
      },
      {
        "type": "Secret Keyword",
        "filename": "docs/getting-started/installation.md",
        "hashed_secret": "c7a8c334eef5d1749fface7d42c66f9ae5e8cf36",
        "is_verified": false,
        "line_number": 89
      }
    ],
    "frontend/docs/AUTH_SYSTEM.md": [
      {
        "type": "Secret Keyword",
        "filename": "frontend/docs/AUTH_SYSTEM.md",
        "hashed_secret": "cbfdac6008f9cab4083784cbd1874f76618d2a97",
        "is_verified": false,
        "line_number": 85
      }
    ],
    "internal/analyzer/embedded/guiweb/assets/index-D264kx72.js": [
      {
        "type": "Secret Keyword",
        "filename": "internal/analyzer/embedded/guiweb/assets/index-D264kx72.js",
        "hashed_secret": "1aef7fa7c59d6e09d3695ae2700a0846f2f4b8e7",
        "is_verified": false,
        "line_number": 69
      },
      {
        "type": "Base64 High Entropy String",
        "filename": "internal/analyzer/embedded/guiweb/assets/index-D264kx72.js",
        "hashed_secret": "9152e4ce32ccd0292770d7b008602921fdf98d79",
        "is_verified": false,
        "line_number": 235
      }
    ],
    "internal/gateway/transport/http.go": [
      {
        "type": "Secret Keyword",
        "filename": "internal/gateway/transport/http.go",
        "hashed_secret": "3aa31fff74d8d2f8c93833ece0d4fed675262a6a",
        "is_verified": false,
        "line_number": 245
      }
    ],
    "internal/services/github/auth.go": [
      {
        "type": "Secret Keyword",
        "filename": "internal/services/github/auth.go",
        "hashed_secret": "2331919a92cbb5c2d530947171fa5e1a1415af2f",
        "is_verified": false,
        "line_number": 52
      }
    ],
    "internal/services/github/config_test.go": [
      {
        "type": "Secret Keyword",
        "filename": "internal/services/github/config_test.go",
        "hashed_secret": "b944007afe7170932633367f7f046f6838a0f46a",
        "is_verified": false,
        "line_number": 52
      },
      {
        "type": "Private Key",
        "filename": "internal/services/github/config_test.go",
        "hashed_secret": "be4fc4886bd949b369d5e092eb87494f12e57e5b",
        "is_verified": false,
        "line_number": 227
      }
    ],
    "internal/services/github/webhooks.go": [
      {
        "type": "Secret Keyword",
        "filename": "internal/services/github/webhooks.go",
        "hashed_secret": "553f776bdcc64b65ff5a4107d60ccc12223528b7",
        "is_verified": false,
        "line_number": 180
      }
    ],
    "internal/services/github/webhooks_test.go": [
      {
        "type": "Secret Keyword",
        "filename": "internal/services/github/webhooks_test.go",
        "hashed_secret": "fe1bae27cb7c1fb823f496f286e78f1d2ae87734",
        "is_verified": false,
        "line_number": 13
      },
      {
        "type": "Secret Keyword",
        "filename": "internal/services/github/webhooks_test.go",
        "hashed_secret": "1243e821460565a0c4543605ac2f379254e12a23",
        "is_verified": false,
        "line_number": 209
      }
    ],
    "internal/webhook/github_test.go": [
      {
        "type": "Secret Keyword",
        "filename": "internal/webhook/github_test.go",
        "hashed_secret": "e3694c1417723ec08d5b724fd101b28c5611ebd1",
        "is_verified": false,
        "line_number": 30
      },
      {
        "type": "Secret Keyword",
        "filename": "internal/webhook/github_test.go",
        "hashed_secret": "fe1bae27cb7c1fb823f496f286e78f1d2ae87734",
        "is_verified": false,
        "line_number": 389
      }
    ],
    "tests/test_full_system.sh": [
      {
        "type": "Secret Keyword",
        "filename": "tests/test_full_system.sh",
        "hashed_secret": "c11332d165f7ca754e4a06fbebfec731b3f912b9",
        "is_verified": false,
        "line_number": 64
      }
    ],
    "tests/test_gateway.sh": [
      {
        "type": "Secret Keyword",
        "filename": "tests/test_gateway.sh",
        "hashed_secret": "6a01df300e8fdc808a9e5ff43e165e08a4bcb06c",
        "is_verified": false,
        "line_number": 10
      }
    ]
  },
  "generated_at": "2025-10-10T10:08:50Z"
}
